<html>
<body>
<pre>
<h1>µVision Build Log</h1>
<h2>Project:</h2>
D:\UART0\ARM_UART0\ARM_UART0.uvproj
Project File Date:  11/01/2019

<h2>Output:</h2>
compiling SERIAL0_TestStub.c...
SERIAL0_TestStub.c - 0 Error(s), 0 Warning(s).
Build target 'Target 1'
compiling common.c...
compiling SERIAL0_Driver.c...
linking...
Program Size: Code=2980 RO-data=32 RW-data=8 ZI-data=1256  
FromELF: creating hex file...
"ARM_UART0.axf" - 0 Error(s), 0 Warning(s).
Rebuild target 'Target 1'
assembling Startup.s...
compiling common.c...
compiling SERIAL0_Driver.c...
compiling SERIAL0_TestStub.c...
linking...
Program Size: Code=2980 RO-data=32 RW-data=8 ZI-data=1256  
FromELF: creating hex file...
"ARM_UART0.axf" - 0 Error(s), 0 Warning(s).
compiling SERIAL0_TestStub.c...
SERIAL0_TestStub.c - 0 Error(s), 0 Warning(s).
Build target 'Target 1'
linking...
Program Size: Code=2980 RO-data=32 RW-data=8 ZI-data=1256  
FromELF: creating hex file...
"ARM_UART0.axf" - 0 Error(s), 0 Warning(s).
compiling SERIAL0_TestStub.c...
SERIAL0_TestStub.c - 0 Error(s), 0 Warning(s).
Build target 'Target 1'
linking...
Program Size: Code=2980 RO-data=32 RW-data=8 ZI-data=1256  
FromELF: creating hex file...
"ARM_UART0.axf" - 0 Error(s), 0 Warning(s).
Rebuild target 'Target 1'
assembling Startup.s...
compiling common.c...
compiling SERIAL0_Driver.c...
compiling SERIAL0_TestStub.c...
SERIAL0_TestStub.c(47): warning:  #223-D: function "lcdInit" declared implicitly
SERIAL0_TestStub.c(48): warning:  #223-D: function "adcInit" declared implicitly
SERIAL0_TestStub.c(49): error:  #65: expected a ";"
SERIAL0_TestStub.c(50): warning:  #223-D: function "putStrL" declared implicitly
SERIAL0_TestStub.c(59): warning:  #223-D: function "captureADC" declared implicitly
SERIAL0_TestStub.c(59): error:  #20: identifier "CH2" is undefined
SERIAL0_TestStub.c(64): error:  #20: identifier "CH3" is undefined
compiling ADC_Driver.c...
ADC_Driver.c(3): error:  #5: cannot open source input file "adc.h": No such file or directory
Target not created
Rebuild target 'Target 1'
assembling Startup.s...
compiling common.c...
compiling SERIAL0_Driver.c...
compiling SERIAL0_TestStub.c...
SERIAL0_TestStub.c(47): warning:  #223-D: function "lcdInit" declared implicitly
SERIAL0_TestStub.c(48): warning:  #223-D: function "adcInit" declared implicitly
SERIAL0_TestStub.c(49): error:  #65: expected a ";"
SERIAL0_TestStub.c(50): warning:  #223-D: function "putStrL" declared implicitly
SERIAL0_TestStub.c(59): warning:  #223-D: function "captureADC" declared implicitly
SERIAL0_TestStub.c(59): error:  #20: identifier "CH2" is undefined
SERIAL0_TestStub.c(64): error:  #20: identifier "CH3" is undefined
compiling ADC_Driver.c...
Target not created
Rebuild target 'Target 1'
assembling Startup.s...
compiling common.c...
compiling SERIAL0_Driver.c...
compiling SERIAL0_TestStub.c...
SERIAL0_TestStub.c(47): warning:  #223-D: function "lcdInit" declared implicitly
SERIAL0_TestStub.c(48): warning:  #223-D: function "adcInit" declared implicitly
SERIAL0_TestStub.c(50): warning:  #223-D: function "putStrL" declared implicitly
SERIAL0_TestStub.c(59): warning:  #223-D: function "captureADC" declared implicitly
SERIAL0_TestStub.c(59): error:  #20: identifier "CH2" is undefined
SERIAL0_TestStub.c(64): error:  #20: identifier "CH3" is undefined
compiling ADC_Driver.c...
Target not created
Rebuild target 'Target 1'
assembling Startup.s...
compiling common.c...
compiling SERIAL0_Driver.c...
compiling SERIAL0_TestStub.c...
SERIAL0_TestStub.c(43): warning:  #1295-D: Deprecated declaration lcdInit - give arg types
SERIAL0_TestStub.c(44): warning:  #1295-D: Deprecated declaration adcInit - give arg types
SERIAL0_TestStub.c(45): warning:  #1295-D: Deprecated declaration setClock - give arg types
SERIAL0_TestStub.c(52): warning:  #223-D: function "putStrL" declared implicitly
SERIAL0_TestStub.c(61): warning:  #223-D: function "captureADC" declared implicitly
SERIAL0_TestStub.c(61): error:  #20: identifier "CH2" is undefined
SERIAL0_TestStub.c(66): error:  #20: identifier "CH3" is undefined
compiling ADC_Driver.c...
Target not created
compiling SERIAL0_TestStub.c...
SERIAL0_TestStub.c(44): warning:  #1295-D: Deprecated declaration lcdInit - give arg types
SERIAL0_TestStub.c(45): warning:  #1295-D: Deprecated declaration adcInit - give arg types
SERIAL0_TestStub.c(46): warning:  #1295-D: Deprecated declaration setClock - give arg types
SERIAL0_TestStub.c(53): warning:  #223-D: function "putStrL" declared implicitly
SERIAL0_TestStub.c - 0 Error(s), 4 Warning(s).
compiling SERIAL0_TestStub.c...
SERIAL0_TestStub.c(51): warning:  #223-D: function "putStrL" declared implicitly
SERIAL0_TestStub.c - 0 Error(s), 1 Warning(s).
compiling SERIAL0_TestStub.c...
SERIAL0_TestStub.c(34): error:  #5: cannot open source input file "lcd.h": No such file or directory
SERIAL0_TestStub.c - 1 Error(s), 0 Warning(s).
compiling SERIAL0_TestStub.c...
SERIAL0_TestStub.c - 0 Error(s), 0 Warning(s).
Build target 'Target 1'
compiling LCD_Driver.c...
linking...
Program Size: Code=3900 RO-data=32 RW-data=8 ZI-data=1256  
FromELF: creating hex file...
"ARM_UART0.axf" - 0 Error(s), 0 Warning(s).
compiling SERIAL0_TestStub.c...
SERIAL0_TestStub.c - 0 Error(s), 0 Warning(s).
Build target 'Target 1'
linking...
Program Size: Code=3908 RO-data=32 RW-data=8 ZI-data=1256  
FromELF: creating hex file...
"ARM_UART0.axf" - 0 Error(s), 0 Warning(s).
Rebuild target 'Target 1'
assembling Startup.s...
compiling common.c...
compiling SERIAL0_Driver.c...
compiling SERIAL0_TestStub.c...
compiling ADC_Driver.c...
compiling LCD_Driver.c...
linking...
Program Size: Code=3812 RO-data=32 RW-data=8 ZI-data=1256  
FromELF: creating hex file...
"ARM_UART0.axf" - 0 Error(s), 0 Warning(s).
compiling SERIAL0_TestStub.c...
SERIAL0_TestStub.c - 0 Error(s), 0 Warning(s).
Build target 'Target 1'
linking...
Program Size: Code=3812 RO-data=32 RW-data=8 ZI-data=1256  
FromELF: creating hex file...
"ARM_UART0.axf" - 0 Error(s), 0 Warning(s).
compiling SERIAL0_TestStub.c...
SERIAL0_TestStub.c - 0 Error(s), 0 Warning(s).
Build target 'Target 1'
linking...
Program Size: Code=3852 RO-data=32 RW-data=8 ZI-data=1256  
FromELF: creating hex file...
"ARM_UART0.axf" - 0 Error(s), 0 Warning(s).
compiling SERIAL0_TestStub.c...
SERIAL0_TestStub.c - 0 Error(s), 0 Warning(s).
Build target 'Target 1'
linking...
Program Size: Code=3840 RO-data=32 RW-data=8 ZI-data=1256  
FromELF: creating hex file...
"ARM_UART0.axf" - 0 Error(s), 0 Warning(s).
compiling SERIAL0_TestStub.c...
SERIAL0_TestStub.c - 0 Error(s), 0 Warning(s).
compiling SERIAL0_TestStub.c...
SERIAL0_TestStub.c - 0 Error(s), 0 Warning(s).
Build target 'Target 1'
linking...
Program Size: Code=3840 RO-data=32 RW-data=8 ZI-data=1256  
FromELF: creating hex file...
"ARM_UART0.axf" - 0 Error(s), 0 Warning(s).
compiling SERIAL0_TestStub.c...
SERIAL0_TestStub.c - 0 Error(s), 0 Warning(s).
Build target 'Target 1'
linking...
Program Size: Code=3828 RO-data=32 RW-data=8 ZI-data=1256  
FromELF: creating hex file...
"ARM_UART0.axf" - 0 Error(s), 0 Warning(s).
compiling SERIAL0_TestStub.c...
SERIAL0_TestStub.c(75): error:  #20: identifier "adcval1" is undefined
SERIAL0_TestStub.c - 1 Error(s), 0 Warning(s).
compiling SERIAL0_TestStub.c...
SERIAL0_TestStub.c(84): error:  #20: identifier "flag" is undefined
SERIAL0_TestStub.c - 1 Error(s), 0 Warning(s).
Build target 'Target 1'
compiling SERIAL0_TestStub.c...
SERIAL0_TestStub.c(84): error:  #20: identifier "flag" is undefined
Target not created
compiling SERIAL0_TestStub.c...
SERIAL0_TestStub.c - 0 Error(s), 0 Warning(s).
Build target 'Target 1'
linking...
Program Size: Code=3820 RO-data=32 RW-data=8 ZI-data=1256  
FromELF: creating hex file...
"ARM_UART0.axf" - 0 Error(s), 0 Warning(s).
compiling SERIAL0_TestStub.c...
SERIAL0_TestStub.c(80): error:  #20: identifier "adcval1" is undefined
SERIAL0_TestStub.c - 1 Error(s), 0 Warning(s).
Build target 'Target 1'
compiling SERIAL0_TestStub.c...
SERIAL0_TestStub.c(80): error:  #20: identifier "adcval1" is undefined
Target not created
compiling SERIAL0_TestStub.c...
SERIAL0_TestStub.c(80): error:  #20: identifier "adcval1" is undefined
SERIAL0_TestStub.c - 1 Error(s), 0 Warning(s).
Build target 'Target 1'
compiling SERIAL0_TestStub.c...
SERIAL0_TestStub.c(80): error:  #20: identifier "adcval1" is undefined
Target not created
compiling SERIAL0_TestStub.c...
SERIAL0_TestStub.c(80): error:  #20: identifier "adcval1" is undefined
SERIAL0_TestStub.c - 1 Error(s), 0 Warning(s).
Build target 'Target 1'
compiling SERIAL0_TestStub.c...
SERIAL0_TestStub.c(80): error:  #20: identifier "adcval1" is undefined
Target not created
compiling SERIAL0_TestStub.c...
SERIAL0_TestStub.c(80): error:  #20: identifier "adcval1" is undefined
SERIAL0_TestStub.c - 1 Error(s), 0 Warning(s).
compiling SERIAL0_TestStub.c...
SERIAL0_TestStub.c - 0 Error(s), 0 Warning(s).
Build target 'Target 1'
linking...
Program Size: Code=3872 RO-data=32 RW-data=8 ZI-data=1256  
FromELF: creating hex file...
"ARM_UART0.axf" - 0 Error(s), 0 Warning(s).
compiling SERIAL0_TestStub.c...
SERIAL0_TestStub.c(77): error:  #20: identifier "adcVal2" is undefined
SERIAL0_TestStub.c(48): warning:  #177-D: variable "adcVal" was declared but never referenced
SERIAL0_TestStub.c(51): warning:  #550-D: variable "flag_on" was set but never used
SERIAL0_TestStub.c(51): warning:  #550-D: variable "flag_off" was set but never used
SERIAL0_TestStub.c - 1 Error(s), 3 Warning(s).
compiling SERIAL0_TestStub.c...
SERIAL0_TestStub.c(77): error:  #20: identifier "adcVal2" is undefined
SERIAL0_TestStub.c(51): warning:  #550-D: variable "flag_on" was set but never used
SERIAL0_TestStub.c(51): warning:  #550-D: variable "flag_off" was set but never used
SERIAL0_TestStub.c - 1 Error(s), 2 Warning(s).
compiling SERIAL0_TestStub.c...
SERIAL0_TestStub.c(53): error:  #20: identifier "flag_on" is undefined
SERIAL0_TestStub.c(54): error:  #20: identifier "flag_off" is undefined
SERIAL0_TestStub.c(77): error:  #20: identifier "adcVal2" is undefined
SERIAL0_TestStub.c - 3 Error(s), 0 Warning(s).
compiling SERIAL0_TestStub.c...
SERIAL0_TestStub.c(76): error:  #20: identifier "adcVal2" is undefined
SERIAL0_TestStub.c - 1 Error(s), 0 Warning(s).
compiling SERIAL0_TestStub.c...
SERIAL0_TestStub.c - 0 Error(s), 0 Warning(s).
Rebuild target 'Target 1'
assembling Startup.s...
compiling common.c...
compiling SERIAL0_Driver.c...
compiling SERIAL0_TestStub.c...
compiling ADC_Driver.c...
compiling LCD_Driver.c...
linking...
Program Size: Code=3800 RO-data=32 RW-data=8 ZI-data=1256  
FromELF: creating hex file...
"ARM_UART0.axf" - 0 Error(s), 0 Warning(s).
